------------------------------------------------------------
TimeQuest Timing Analyzer Summary
------------------------------------------------------------

Type  : Setup 'cpu:inst16|OP[4]'
Slack : -50.841
TNS   : -797.488

Type  : Setup 'inst26|altpll_component|auto_generated|pll1|clk[4]'
Slack : -17.512
TNS   : -3310.793

Type  : Setup 'inst26|altpll_component|auto_generated|pll1|clk[0]'
Slack : -6.121
TNS   : -55.529

Type  : Setup 'PIT:inst2|f1'
Slack : -2.907
TNS   : -36.471

Type  : Setup 'PIT:inst2|f2'
Slack : -2.812
TNS   : -36.296

Type  : Setup 'PIT:inst2|f3'
Slack : -2.588
TNS   : -33.200

Type  : Setup 'PS2_KBCLK'
Slack : -2.527
TNS   : -46.630

Type  : Setup 'Keyboard:inst3|dec_keyboard:inst11|int'
Slack : -2.220
TNS   : -17.042

Type  : Hold 'inst26|altpll_component|auto_generated|pll1|clk[4]'
Slack : -0.879
TNS   : -20.814

Type  : Hold 'cpu:inst16|OP[4]'
Slack : -0.195
TNS   : -0.359

Type  : Hold 'inst26|altpll_component|auto_generated|pll1|clk[0]'
Slack : 0.401
TNS   : 0.000

Type  : Hold 'PS2_KBCLK'
Slack : 0.440
TNS   : 0.000

Type  : Hold 'PIT:inst2|f2'
Slack : 1.323
TNS   : 0.000

Type  : Hold 'PIT:inst2|f1'
Slack : 1.349
TNS   : 0.000

Type  : Hold 'PIT:inst2|f3'
Slack : 1.372
TNS   : 0.000

Type  : Hold 'Keyboard:inst3|dec_keyboard:inst11|int'
Slack : 1.622
TNS   : 0.000

Type  : Recovery 'cpu:inst16|att[0]'
Slack : -4.236
TNS   : -4.236

Type  : Recovery 'cpu:inst16|att[2]'
Slack : -3.404
TNS   : -3.404

Type  : Recovery 'cpu:inst16|att[1]'
Slack : -3.169
TNS   : -3.169

Type  : Recovery 'cpu:inst16|att[3]'
Slack : -1.664
TNS   : -1.664

Type  : Recovery 'cpu:inst16|att[15]'
Slack : -0.460
TNS   : -0.460

Type  : Removal 'cpu:inst16|att[15]'
Slack : -0.150
TNS   : -0.150

Type  : Removal 'cpu:inst16|att[3]'
Slack : 0.486
TNS   : 0.000

Type  : Removal 'cpu:inst16|att[0]'
Slack : 1.953
TNS   : 0.000

Type  : Removal 'cpu:inst16|att[1]'
Slack : 2.151
TNS   : 0.000

Type  : Removal 'cpu:inst16|att[2]'
Slack : 2.350
TNS   : 0.000

Type  : Minimum Pulse Width 'PS2_KBCLK'
Slack : -3.000
TNS   : -31.282

Type  : Minimum Pulse Width 'PIT:inst2|f1'
Slack : -1.285
TNS   : -20.560

Type  : Minimum Pulse Width 'PIT:inst2|f2'
Slack : -1.285
TNS   : -20.560

Type  : Minimum Pulse Width 'PIT:inst2|f3'
Slack : -1.285
TNS   : -20.560

Type  : Minimum Pulse Width 'Keyboard:inst3|dec_keyboard:inst11|int'
Slack : -1.285
TNS   : -11.565

Type  : Minimum Pulse Width 'cpu:inst16|att[3]'
Slack : 0.417
TNS   : 0.000

Type  : Minimum Pulse Width 'cpu:inst16|att[15]'
Slack : 0.438
TNS   : 0.000

Type  : Minimum Pulse Width 'cpu:inst16|OP[4]'
Slack : 0.456
TNS   : 0.000

Type  : Minimum Pulse Width 'cpu:inst16|att[0]'
Slack : 0.478
TNS   : 0.000

Type  : Minimum Pulse Width 'cpu:inst16|att[1]'
Slack : 0.478
TNS   : 0.000

Type  : Minimum Pulse Width 'cpu:inst16|att[2]'
Slack : 0.478
TNS   : 0.000

Type  : Minimum Pulse Width 'CLOCK_50'
Slack : 9.819
TNS   : 0.000

Type  : Minimum Pulse Width 'inst26|altpll_component|auto_generated|pll1|clk[0]'
Slack : 19.710
TNS   : 0.000

Type  : Minimum Pulse Width 'inst26|altpll_component|auto_generated|pll1|clk[4]'
Slack : 249.665
TNS   : 0.000

------------------------------------------------------------
